60,60
............................................................
............................................................
.se.@@.......@@@@@@@@@@@@@@@....@@@@@@@@@@@@@@@.......@@.se.
.se.@@.......@@@@@@@@@@@@@@@....@@@@@@@@@@@@@@@.......@@.se.
.se.@@................................................@@.se.
.se.@@................................................@@.se.
.se.@@................................................@@.se.
.se.@@................................................@@.se.
.se.@@.......@@@@@@@@@@@@@@@....@@@@@@@@@@@@@@@.......@@.se.
.se.@@.......@@@@@@@@@@@@@@@....@@@@@@@@@@@@@@@.......@@.se.
............................................................
............................................................
............................................................
............................................................
.se.@@.......@@@@@@@@@@@@@@@....@@@@@@@@@@@@@@@.......@@.se.
.se.@@.......@@@@@@@@@@@@@@@....@@@@@@@@@@@@@@@.......@@.se.
.se.@@................................................@@.se.
.se.@@................................................@@.se.
.se.@@................................................@@.se.
.se.@@................................................@@.se.
.se.@@.......@@@@@@@@@@@@@@@....@@@@@@@@@@@@@@@.......@@.se.
.se.@@.......@@@@@@@@@@@@@@@....@@@@@@@@@@@@@@@.......@@.se.
............................................................
............................................................
............................................................
............................................................
.se.@@.......@@@@@@@@@@@@@@@....@@@@@@@@@@@@@@@.......@@.se.
.se.@@.......@@@@@@@@@@@@@@@....@@@@@@@@@@@@@@@.......@@.se.
.se.@@................................................@@.se.
.se.@@................................................@@.se.
.se.@@................................................@@.se.
.se.@@................................................@@.se.
.se.@@.......@@@@@@@@@@@@@@@....@@@@@@@@@@@@@@@.......@@.se.
.se.@@.......@@@@@@@@@@@@@@@....@@@@@@@@@@@@@@@.......@@.se.
............................................................
............................................................
............................................................
............................................................
.se.@@.......@@@@@@@@@@@@@@@....@@@@@@@@@@@@@@@.......@@.se.
.se.@@.......@@@@@@@@@@@@@@@....@@@@@@@@@@@@@@@.......@@.se.
.se.@@................................................@@.se.
.se.@@................................................@@.se.
.se.@@................................................@@.se.
.se.@@................................................@@.se.
.se.@@.......@@@@@@@@@@@@@@@....@@@@@@@@@@@@@@@.......@@.se.
.se.@@.......@@@@@@@@@@@@@@@....@@@@@@@@@@@@@@@.......@@.se.
............................................................
............................................................
............................................................
............................................................
.se.@@.......@@@@@@@@@@@@@@@....@@@@@@@@@@@@@@@.......@@.se.
.se.@@.......@@@@@@@@@@@@@@@....@@@@@@@@@@@@@@@.......@@.se.
.se.@@................................................@@.se.
.se.@@................................................@@.se.
.se.@@................................................@@.se.
.se.@@................................................@@.se.
.se.@@.......@@@@@@@@@@@@@@@....@@@@@@@@@@@@@@@.......@@.se.
.se.@@.......@@@@@@@@@@@@@@@....@@@@@@@@@@@@@@@.......@@.se.
............................................................
............................................................
